[INFO] rv32emu boot start
[INFO] opensbi=/workspace/out/opensbi/platform/generic/firmware/fw_dynamic.bin @0x80000000 entry=0x80000000
[INFO] kernel=/workspace/out/linux/arch/riscv/boot/Image @0x80400000 entry=0x80400000
[INFO] dtb=/workspace/out/smoke/virt-rv32-smoke.dtb @0x87f00000
[INFO] initrd=/workspace/out/rootfs/initramfs.cpio.gz @0x88000000 size=1297405
[INFO] fw_dynamic_info @0x803ff000 next=0x80400000 mode=S

OpenSBI v1.5.1
   ____                    _____ ____ _____
  / __ \                  / ____|  _ \_   _|
 | |  | |_ __   ___ _ __ | (___ | |_) || |
 | |  | | '_ \ / _ \ '_ \ \___ \|  _ < | |
 | |__| | |_) |  __/ | | |____) | |_) || |_
  \____/| .__/ \___|_| |_|_____/|____/_____|
        | |
        |_|

Platform Name             : riscv-virtio,qemu
Platform Features         : medeleg
Platform HART Count       : 1
Platform IPI Device       : aclint-mswi
Platform Timer Device     : aclint-mtimer @ 10000000Hz
Platform Console Device   : uart8250
Platform HSM Device       : ---
Platform PMU Device       : ---
Platform Reboot Device    : syscon-reboot
Platform Shutdown Device  : syscon-poweroff
Platform Suspend Device   : ---
Platform CPPC Device      : ---
Firmware Base             : 0x80000000
Firmware Size             : 319 KB
Firmware RW Offset        : 0x40000
Firmware RW Size          : 63 KB
Firmware Heap Offset      : 0x47000
Firmware Heap Size        : 35 KB (total), 2 KB (reserved), 9 KB (used), 23 KB (free)
Firmware Scratch Size     : 4096 B (total), 240 B (used), 3856 B (free)
Runtime SBI Version       : 2.0

Domain0 Name              : root
Domain0 Boot HART         : 0
Domain0 HARTs             : 0*
Domain0 Region00          : 0x00100000-0x00100fff M: (I,R,W) S/U: (R,W)
Domain0 Region01          : 0x10000000-0x10000fff M: (I,R,W) S/U: (R,W)
Domain0 Region02          : 0x02000000-0x0200ffff M: (I,R,W) S/U: ()
Domain0 Region03          : 0x80040000-0x8004ffff M: (R,W) S/U: ()
Domain0 Region04          : 0x80000000-0x8003ffff M: (R,X) S/U: ()
Domain0 Region05          : 0x0c400000-0x0c5fffff M: (I,R,W) S/U: (R,W)
Domain0 Region06          : 0x0c000000-0x0c3fffff M: (I,R,W) S/U: (R,W)
Domain0 Region07          : 0x00000000-0xffffffff M: () S/U: (R,W,X)
Domain0 Next Address      : 0x80400000
Domain0 Next Arg1         : 0x87f00000
Domain0 Next Mode         : S-mode
Domain0 SysReset          : yes
Domain0 SysSuspend        : yes

Boot HART ID              : 0
Boot HART Domain          : root
Boot HART Priv Version    : v1.10
Boot HART Base ISA        : rv32imafdc
Boot HART ISA Extensions  : zicntr
Boot HART PMP Count       : 0
Boot HART PMP Granularity : 0 bits
Boot HART PMP Address Bits: 0
Boot HART MHPM Info       : 0 (0x00000000)
Boot HART Debug Triggers  : 0 triggers
Boot HART MIDELEG         : 0x00000222
Boot HART MEDELEG         : 0x0000b109
[    0.000000] Linux version 6.6.0 (root@f9fabb08c658) (riscv64-linux-gnu-gcc (Ubuntu 13.3.0-6ubuntu2~24.04) 13.3.0, GNU ld (GNU Binutils for Ubuntu) 2.42) #3 Sun Feb 22 04:44:22 UTC 2026
[    0.000000] random: crng init done
[    0.000000] OF: fdt: Ignoring memory range 0x80000000 - 0x80400000
[    0.000000] Machine model: riscv-virtio,qemu
[    0.000000] Forcing kernel command line to: console=ttyS0 earlycon=sbi rdinit=/bin/sh
[    0.000000] SBI specification v2.0 detected
[    0.000000] SBI implementation ID=0x1 Version=0x10005
[    0.000000] SBI TIME extension detected
[    0.000000] SBI IPI extension detected
[    0.000000] SBI RFENCE extension detected
[    0.000000] SBI SRST extension detected
[    0.000000] efi: UEFI not found.
[    0.000000] OF: reserved mem: 0x80000000..0x8003ffff (256 KiB) nomap non-reusable mmode_resv1@80000000
[    0.000000] OF: reserved mem: 0x80040000..0x8004ffff (64 KiB) nomap non-reusable mmode_resv0@80040000
[    0.000000] Zone ranges:
[    0.000000]   Normal   [mem 0x0000000080400000-0x000000008fffffff]
[    0.000000] Movable zone start for each node
[    0.000000] Early memory node ranges
[    0.000000]   node   0: [mem 0x0000000080400000-0x000000008fffffff]
[    0.000000] Initmem setup node 0 [mem 0x0000000080400000-0x000000008fffffff]
[    0.000000] On node 0, zone Normal: 1024 pages in unavailable ranges
[    0.000000] Falling back to deprecated "riscv,isa"
[    0.000000] riscv: base ISA extensions acdfim
[    0.000000] riscv: ELF capabilities acdfim
[    0.000000] Kernel command line: console=ttyS0 earlycon=sbi rdinit=/bin/sh
[    0.000000] Dentry cache hash table entries: 32768 (order: 5, 131072 bytes, linear)
[    0.000000] Inode-cache hash table entries: 16384 (order: 4, 65536 bytes, linear)
[    0.000000] Built 1 zonelists, mobility grouping on.  Total pages: 63945
[    0.000000] mem auto-init: stack:all(zero), heap alloc:off, heap free:off
[    0.000000] Virtual kernel memory layout:
[    0.000000]       fixmap : 0x9c800000 - 0x9d000000   (8192 kB)
[    0.000000]       pci io : 0x9d000000 - 0x9e000000   (  16 MB)
[    0.000000]      vmemmap : 0x9e000000 - 0xa0000000   (  32 MB)
[    0.000000]      vmalloc : 0xa0000000 - 0xc0000000   ( 512 MB)
[    0.000000]       lowmem : 0xc0000000 - 0xcfc00000   ( 252 MB)
[    0.000000] Memory: 224344K/258048K available (10011K kernel code, 8952K rwdata, 4096K rodata, 4156K init, 387K bss, 33704K reserved, 0K cma-reserved)
[    0.000000] SLUB: HWalign=64, Order=0-3, MinObjects=0, CPUs=1, Nodes=1
[    0.000000] NR_IRQS: 64, nr_irqs: 64, preallocated irqs: 0
[    0.000000] riscv-intc: 32 local interrupts mapped
[    0.000000] plic: plic@c000000: mapped 95 interrupts with 1 handlers for 2 contexts.
[    0.000000] clocksource: riscv_clocksource: mask: 0xffffffffffffffff max_cycles: 0x24e6a1710, max_idle_ns: 440795202120 ns
[    0.000032] sched_clock: 64 bits at 10MHz, resolution 100ns, wraps every 4398046511100ns
[    0.014654] Console: colour dummy device 80x25
[    0.015783] Calibrating delay loop (skipped), value calculated using timer frequency.. 20.00 BogoMIPS (lpj=40000)
[    0.016499] pid_max: default: 32768 minimum: 301
[    0.021337] LSM: initializing lsm=capability,integrity
[    0.026256] Mount-cache hash table entries: 1024 (order: 0, 4096 bytes, linear)
[    0.027346] Mountpoint-cache hash table entries: 1024 (order: 0, 4096 bytes, linear)
[    0.085144] RCU Tasks Trace: Setting shift to 0 and lim to 1 rcu_task_cb_adjust=1.
[    0.088908] ASID allocator using 9 bits (512 entries)
[    0.096360] EFI services will not be available.
[    0.108079] devtmpfs: initialized
[    0.200736] clocksource: jiffies: mask: 0xffffffff max_cycles: 0xffffffff, max_idle_ns: 7645041785100000 ns
[    0.201556] futex hash table entries: 256 (order: 0, 7168 bytes, linear)
[    0.207830] pinctrl core: initialized pinctrl subsystem
[    0.248205] NET: Registered PF_NETLINK/PF_ROUTE protocol family
[    0.273393] DMA: preallocated 128 KiB GFP_KERNEL pool for atomic allocations
[    0.276001] audit: initializing netlink subsys (disabled)
[    0.304707] thermal_sys: Registered thermal governor 'step_wise'
[    0.305815] cpuidle: using governor menu
[    0.342971] cpu0: Ratio of byte access time to unaligned word access is 3.99, unaligned accesses are fast
[    0.535611] audit: type=2000 audit(0.256:1): state=initialized audit_enabled=0 res=1
[    0.558202] HugeTLB: registered 4.00 MiB page size, pre-allocated 0 pages
[    0.558909] HugeTLB: 0 KiB vmemmap can be freed for a 4.00 MiB page
[    0.655244] raid6: int32x8  gen()     2 MB/s
[    0.726891] raid6: int32x4  gen()     2 MB/s
[    0.807301] raid6: int32x2  gen()     3 MB/s
[    0.885747] raid6: int32x1  gen()     2 MB/s
[    0.886087] raid6: using algorithm int32x2 gen() 3 MB/s
[    0.959476] raid6: .... xor() 1 MB/s, rmw enabled
[    0.959761] raid6: using intx1 recovery algorithm
[    0.973951] iommu: Default domain type: Translated
[    0.974261] iommu: DMA domain TLB invalidation policy: strict mode
[    0.998947] SCSI subsystem initialized
[    1.018922] usbcore: registered new interface driver usbfs
[    1.021139] usbcore: registered new interface driver hub
[    1.023541] usbcore: registered new device driver usb
[    1.096605] clocksource: Switched to clocksource riscv_clocksource
[    1.616914] NET: Registered PF_INET protocol family
[    1.622847] IP idents hash table entries: 4096 (order: 3, 32768 bytes, linear)
[    1.701739] tcp_listen_portaddr_hash hash table entries: 256 (order: 0, 5120 bytes, linear)
[    1.703344] Table-perturb hash table entries: 65536 (order: 6, 262144 bytes, linear)
[    1.704207] TCP established hash table entries: 2048 (order: 1, 8192 bytes, linear)
[    1.707853] TCP bind hash table entries: 2048 (order: 4, 81920 bytes, linear)
[    1.720990] TCP: Hash tables configured (established 2048 bind 2048)
[    1.723669] UDP hash table entries: 256 (order: 1, 12288 bytes, linear)
[    1.726634] UDP-Lite hash table entries: 256 (order: 1, 12288 bytes, linear)
[    1.734223] NET: Registered PF_UNIX/PF_LOCAL protocol family
[    1.753134] RPC: Registered named UNIX socket transport module.
[    1.753448] RPC: Registered udp transport module.
[    1.753738] RPC: Registered tcp transport module.
[    1.754029] RPC: Registered tcp-with-tls transport module.
[    1.754336] RPC: Registered tcp NFSv4.1 backchannel transport module.
[    1.756201] kvm [1]: hypervisor extension not available
[    1.799291] Unpacking initramfs...
[    1.882157] workingset: timestamp_bits=14 max_order=16 bucket_order=2
[    1.923337] NFS: Registering the id_resolver key type
[    1.925108] Key type id_resolver registered
[    1.925399] Key type id_legacy registered
[    1.926944] nfs4filelayout_init: NFSv4 File Layout Driver Registering...
[    1.927519] nfs4flexfilelayout_init: NFSv4 Flexfile Layout Driver Registering...
[    1.943479] 9p: Installing v9fs 9p2000 file system support
[   24.168614] watchdog: BUG: soft lockup - CPU#0 stuck for 22s! [swapper:1]
[   24.169129] CPU: 0 PID: 1 Comm: swapper Not tainted 6.6.0 #3
[   24.169781] Hardware name: riscv-virtio,qemu (DT)
[   24.170076] epc : keccakf_round+0x53e/0xfde
[   24.171122]  ra : crypto_sha3_final+0xde/0x1a8
[   24.172182] epc : c0422176 ra : c0422d38 sp : c202d7e0
[   24.172717]  gp : c1ccbf68 tp : c2038000 t0 : c4300000
[   24.173252]  t1 : a8573080 t2 : c0000000 s0 : c202d940
[   24.173786]  s1 : 00000000 a0 : c202da68 a1 : ac7552f7
[   24.174286]  a2 : b377bb75 a3 : f927cc34 a4 : ff7881d4
[   24.174821]  a5 : 7a400000 a6 : 77185a13 a7 : 0000002e
[   24.175330]  s2 : 4e5b1f35 s3 : a7e10779 s4 : f27093e8
[   24.175864]  s5 : 76809d5d s6 : 2e75310c s7 : 1cd31619
[   24.176399]  s8 : 23b7eb80 s9 : aafec472 s10: 76a5cb5d
[   24.176934]  s11: ab3b85a5 t3 : 0000007a t4 : 20000000
[   24.177443]  t5 : 037abddd t6 : 0001dc61
[   24.177839] status: 00000120 badaddr: 00000000 cause: 80000005
[   24.178343] [<c0422176>] keccakf_round+0x53e/0xfde
[   29.797760] NET: Registered PF_ALG protocol family
[   29.798357] xor: measuring software checksum speed
[   31.042575]    8regs           :     7 MB/sec
[   32.287936]    8regs_prefetch  :     7 MB/sec
[   33.532187]    32regs          :     7 MB/sec
[   34.778091]    32regs_prefetch :     7 MB/sec
[   34.778437] xor: using function: 32regs_prefetch (7 MB/sec)
[   34.781640] Block layer SCSI generic (bsg) driver version 0.4 loaded (major 248)
[   34.782071] io scheduler mq-deadline registered
[   34.782417] io scheduler kyber registered
[   34.783476] io scheduler bfq registered
[   41.721535] Freeing initrd memory: 1264K
[   44.739223] Serial: 8250/16550 driver, 4 ports, IRQ sharing disabled
[   44.870041] printk: console [ttyS0] disabled
[   44.892278] 10000000.serial: ttyS0 at MMIO 0x10000000 (irq = 2, base_baud = 230400) is a 16550A
[   44.893775] printk: console [ttyS0] enabled
[   45.068384] SuperH (H)SCI(F) driver initialized
[   45.511797] loop: module loaded
[   45.737247] usbcore: registered new interface driver uas
[   45.740435] usbcore: registered new interface driver usb-storage
[   45.759782] mousedev: PS/2 mouse device common for all mice
[   45.801952] syscon-poweroff poweroff: pm_power_off already claimed for sbi_srst_power_off
[   45.804166] syscon-poweroff: probe of poweroff failed with error -16
[   45.827155] device-mapper: ioctl: 4.48.0-ioctl (2023-03-01) initialised: dm-devel@redhat.com
[   45.854132] sdhci: Secure Digital Host Controller Interface driver
[   45.855494] sdhci: Copyright(c) Pierre Ossman
[   45.867301] sdhci-pltfm: SDHCI platform and OF driver helper
[   45.882915] usbcore: registered new interface driver usbhid
[   45.884271] usbhid: USB HID core driver
[   45.895497] riscv-pmu-sbi: SBI PMU extension is available
[   45.898152] riscv-pmu-sbi: 16 firmware and 2 hardware counters
[   45.899590] riscv-pmu-sbi: Perf sampling/filtering is not supported as sscof extension is not available
[   45.941398] IPVS: Registered protocols (TCP, UDP)
[   45.942784] IPVS: Connection hash table configured (size=4096, memory=16Kbytes)
[   45.957048] IPVS: ipvs loaded.
[   45.958000] IPVS: [rr] scheduler registered.
[   45.977345] Initializing XFRM netlink socket
[   45.981677] NET: Registered PF_INET6 protocol family
[   46.035487] Segment Routing with IPv6
[   46.038547] In-situ OAM (IOAM) with IPv6
[   46.047087] sit: IPv6, IPv4 and MPLS over IPv4 tunneling driver
[   46.083664] NET: Registered PF_PACKET protocol family
[   46.087322] Bridge firewalling registered
[   46.091557] 8021q: 802.1Q VLAN Support v1.8
[   46.097949] 9pnet: Installing 9P2000 support
[   46.101820] Key type dns_resolver registered
[   48.276039] debug_vm_pgtable: [debug_vm_pgtable         ]: Validating architecture page table helpers
[   48.419571] Btrfs loaded, zoned=no, fsverity=no
[   48.439838] clk: Disabling unused clocks
[   48.673023] Freeing unused kernel image (initmem) memory: 4156K
[   48.675312] Run /bin/sh as init process
/bin/sh: can't access tty[INFO] rv32emu stop: executed=1200000000 running=1 pc=0xc09c896e priv=1 mcause=0x00000009 mepc=0xc0005794 mtval=0x00000000
