
OpenSBI v1.5.1
   ____                    _____ ____ _____
  / __ \                  / ____|  _ \_   _|
 | |  | |_ __   ___ _ __ | (___ | |_) || |
 | |  | | '_ \ / _ \ '_ \ \___ \|  _ < | |
 | |__| | |_) |  __/ | | |____) | |_) || |_
  \____/| .__/ \___|_| |_|_____/|____/_____|
        | |
        |_|

Platform Name             : riscv-virtio,qemu
Platform Features         : medeleg
Platform HART Count       : 1
Platform IPI Device       : aclint-mswi
Platform Timer Device     : aclint-mtimer @ 10000000Hz
Platform Console Device   : uart8250
Platform HSM Device       : ---
Platform PMU Device       : ---
Platform Reboot Device    : syscon-reboot
Platform Shutdown Device  : syscon-poweroff
Platform Suspend Device   : ---
Platform CPPC Device      : ---
Firmware Base             : 0x80000000
Firmware Size             : 319 KB
Firmware RW Offset        : 0x40000
Firmware RW Size          : 63 KB
Firmware Heap Offset      : 0x47000
Firmware Heap Size        : 35 KB (total), 2 KB (reserved), 10 KB (used), 22 KB (free)
Firmware Scratch Size     : 4096 B (total), 244 B (used), 3852 B (free)
Runtime SBI Version       : 2.0

Domain0 Name              : root
Domain0 Boot HART         : 0
Domain0 HARTs             : 0*
Domain0 Region00          : 0x00100000-0x00100fff M: (I,R,W) S/U: (R,W)
Domain0 Region01          : 0x10000000-0x10000fff M: (I,R,W) S/U: (R,W)
Domain0 Region02          : 0x02000000-0x0200ffff M: (I,R,W) S/U: ()
Domain0 Region03          : 0x80040000-0x8004ffff M: (R,W) S/U: ()
Domain0 Region04          : 0x80000000-0x8003ffff M: (R,X) S/U: ()
Domain0 Region05          : 0x0c400000-0x0c5fffff M: (I,R,W) S/U: (R,W)
Domain0 Region06          : 0x0c000000-0x0c3fffff M: (I,R,W) S/U: (R,W)
Domain0 Region07          : 0x00000000-0xffffffff M: () S/U: (R,W,X)
Domain0 Next Address      : 0x80400000
Domain0 Next Arg1         : 0x8fe00000
Domain0 Next Mode         : S-mode
Domain0 SysReset          : yes
Domain0 SysSuspend        : yes

Boot HART ID              : 0
Boot HART Domain          : root
Boot HART Priv Version    : v1.12
Boot HART Base ISA        : rv32imafdch
Boot HART ISA Extensions  : sstc,zicntr,zihpm,zicboz,zicbom,sdtrig,svadu
Boot HART PMP Count       : 16
Boot HART PMP Granularity : 2 bits
Boot HART PMP Address Bits: 32
Boot HART MHPM Info       : 16 (0x0007fff8)
Boot HART Debug Triggers  : 2 triggers
Boot HART MIDELEG         : 0x00001666
Boot HART MEDELEG         : 0x00f0b509
[    0.000000] Linux version 6.6.0 (root@f9fabb08c658) (riscv64-linux-gnu-gcc (Ubuntu 13.3.0-6ubuntu2~24.04) 13.3.0, GNU ld (GNU Binutils for Ubuntu) 2.42) #3 Sun Feb 22 04:44:22 UTC 2026
[    0.000000] random: crng init done
[    0.000000] OF: fdt: Ignoring memory range 0x80000000 - 0x80400000
[    0.000000] Machine model: riscv-virtio,qemu
[    0.000000] Forcing kernel command line to: console=ttyS0 earlycon=sbi rdinit=/bin/sh
[    0.000000] SBI specification v2.0 detected
[    0.000000] SBI implementation ID=0x1 Version=0x10005
[    0.000000] SBI TIME extension detected
[    0.000000] SBI IPI extension detected
[    0.000000] SBI RFENCE extension detected
[    0.000000] SBI SRST extension detected
[    0.000000] efi: UEFI not found.
[    0.000000] OF: reserved mem: 0x80000000..0x8003ffff (256 KiB) nomap non-reusable mmode_resv1@80000000
[    0.000000] OF: reserved mem: 0x80040000..0x8004ffff (64 KiB) nomap non-reusable mmode_resv0@80040000
[    0.000000] Zone ranges:
[    0.000000]   Normal   [mem 0x0000000080400000-0x000000008fffffff]
[    0.000000] Movable zone start for each node
[    0.000000] Early memory node ranges
[    0.000000]   node   0: [mem 0x0000000080400000-0x000000008fffffff]
[    0.000000] Initmem setup node 0 [mem 0x0000000080400000-0x000000008fffffff]
[    0.000000] On node 0, zone Normal: 1024 pages in unavailable ranges
[    0.000000] Falling back to deprecated "riscv,isa"
[    0.000000] riscv: base ISA extensions acdfhim
[    0.000000] riscv: ELF capabilities acdfim
[    0.000000] Kernel command line: console=ttyS0 earlycon=sbi rdinit=/bin/sh
[    0.000000] Dentry cache hash table entries: 32768 (order: 5, 131072 bytes, linear)
[    0.000000] Inode-cache hash table entries: 16384 (order: 4, 65536 bytes, linear)
[    0.000000] Built 1 zonelists, mobility grouping on.  Total pages: 63945
[    0.000000] mem auto-init: stack:all(zero), heap alloc:off, heap free:off
[    0.000000] Virtual kernel memory layout:
[    0.000000]       fixmap : 0x9c800000 - 0x9d000000   (8192 kB)
[    0.000000]       pci io : 0x9d000000 - 0x9e000000   (  16 MB)
[    0.000000]      vmemmap : 0x9e000000 - 0xa0000000   (  32 MB)
[    0.000000]      vmalloc : 0xa0000000 - 0xc0000000   ( 512 MB)
[    0.000000]       lowmem : 0xc0000000 - 0xcfc00000   ( 252 MB)
[    0.000000] Memory: 224344K/258048K available (10011K kernel code, 8952K rwdata, 4096K rodata, 4156K init, 387K bss, 33704K reserved, 0K cma-reserved)
[    0.000000] SLUB: HWalign=64, Order=0-3, MinObjects=0, CPUs=1, Nodes=1
[    0.000000] NR_IRQS: 64, nr_irqs: 64, preallocated irqs: 0
[    0.000000] riscv-intc: 32 local interrupts mapped
[    0.000000] plic: plic@c000000: mapped 95 interrupts with 1 handlers for 2 contexts.
[    0.000000] clocksource: riscv_clocksource: mask: 0xffffffffffffffff max_cycles: 0x24e6a1710, max_idle_ns: 440795202120 ns
[    0.000190] sched_clock: 64 bits at 10MHz, resolution 100ns, wraps every 4398046511100ns
[    0.000962] riscv-timer: Timer interrupt in S-mode is available via sstc extension
[    0.008966] Console: colour dummy device 80x25
[    0.010720] Calibrating delay loop (skipped), value calculated using timer frequency.. 20.00 BogoMIPS (lpj=40000)
[    0.010858] pid_max: default: 32768 minimum: 301
[    0.011889] LSM: initializing lsm=capability,integrity
[    0.014438] Mount-cache hash table entries: 1024 (order: 0, 4096 bytes, linear)
[    0.014475] Mountpoint-cache hash table entries: 1024 (order: 0, 4096 bytes, linear)
[    0.039011] RCU Tasks Trace: Setting shift to 0 and lim to 1 rcu_task_cb_adjust=1.
[    0.039330] ASID allocator using 9 bits (512 entries)
[    0.040188] EFI services will not be available.
[    0.049163] devtmpfs: initialized
[    0.056193] clocksource: jiffies: mask: 0xffffffff max_cycles: 0xffffffff, max_idle_ns: 7645041785100000 ns
[    0.056378] futex hash table entries: 256 (order: 0, 7168 bytes, linear)
[    0.058352] pinctrl core: initialized pinctrl subsystem
[    0.064992] NET: Registered PF_NETLINK/PF_ROUTE protocol family
[    0.073327] DMA: preallocated 128 KiB GFP_KERNEL pool for atomic allocations
[    0.073709] audit: initializing netlink subsys (disabled)
[    0.077325] thermal_sys: Registered thermal governor 'step_wise'
[    0.077669] cpuidle: using governor menu
[    0.099941] cpu0: Ratio of byte access time to unaligned word access is 3.57, unaligned accesses are fast
[    0.110784] audit: type=2000 audit(0.064:1): state=initialized audit_enabled=0 res=1
[    0.113320] HugeTLB: registered 4.00 MiB page size, pre-allocated 0 pages
[    0.113334] HugeTLB: 0 KiB vmemmap can be freed for a 4.00 MiB page
[    0.182648] raid6: int32x8  gen()   366 MB/s
[    0.252151] raid6: int32x4  gen()   973 MB/s
[    0.322267] raid6: int32x2  gen()  1355 MB/s
[    0.393088] raid6: int32x1  gen()  1246 MB/s
[    0.393140] raid6: using algorithm int32x2 gen() 1355 MB/s
[    0.463142] raid6: .... xor() 794 MB/s, rmw enabled
[    0.463245] raid6: using intx1 recovery algorithm
[    0.464627] iommu: Default domain type: Translated
[    0.464659] iommu: DMA domain TLB invalidation policy: strict mode
[    0.465819] SCSI subsystem initialized
[    0.467703] usbcore: registered new interface driver usbfs
[    0.467914] usbcore: registered new interface driver hub
[    0.468024] usbcore: registered new device driver usb
[    0.477716] clocksource: Switched to clocksource riscv_clocksource
[    0.497590] NET: Registered PF_INET protocol family
[    0.499083] IP idents hash table entries: 4096 (order: 3, 32768 bytes, linear)
[    0.503317] tcp_listen_portaddr_hash hash table entries: 256 (order: 0, 5120 bytes, linear)
[    0.503417] Table-perturb hash table entries: 65536 (order: 6, 262144 bytes, linear)
[    0.503461] TCP established hash table entries: 2048 (order: 1, 8192 bytes, linear)
[    0.503626] TCP bind hash table entries: 2048 (order: 4, 81920 bytes, linear)
[    0.503864] TCP: Hash tables configured (established 2048 bind 2048)
[    0.505017] UDP hash table entries: 256 (order: 1, 12288 bytes, linear)
[    0.505273] UDP-Lite hash table entries: 256 (order: 1, 12288 bytes, linear)
[    0.506281] NET: Registered PF_UNIX/PF_LOCAL protocol family
[    0.508511] RPC: Registered named UNIX socket transport module.
[    0.508558] RPC: Registered udp transport module.
[    0.508569] RPC: Registered tcp transport module.
[    0.508577] RPC: Registered tcp-with-tls transport module.
[    0.508585] RPC: Registered tcp NFSv4.1 backchannel transport module.
[    0.508922] kvm [1]: hypervisor extension available
[    0.508967] kvm [1]: using Sv32x4 G-stage page table format
[    0.508993] kvm [1]: VMID 7 bits available
[    0.514600] Unpacking initramfs...
[    0.530306] workingset: timestamp_bits=14 max_order=16 bucket_order=2
[    0.535607] NFS: Registering the id_resolver key type
[    0.536529] Key type id_resolver registered
[    0.536568] Key type id_legacy registered
[    0.537021] nfs4filelayout_init: NFSv4 File Layout Driver Registering...
[    0.537329] nfs4flexfilelayout_init: NFSv4 Flexfile Layout Driver Registering...
[    0.542081] 9p: Installing v9fs 9p2000 file system support
[    0.786418] NET: Registered PF_ALG protocol family
[    0.786589] xor: measuring software checksum speed
[    0.797071]    8regs           :  1066 MB/sec
[    0.807692]    8regs_prefetch  :  1034 MB/sec
[    0.817857]    32regs          :  1109 MB/sec
[    0.828340]    32regs_prefetch :  1058 MB/sec
[    0.828428] xor: using function: 32regs (1109 MB/sec)
[    0.828724] Block layer SCSI generic (bsg) driver version 0.4 loaded (major 248)
[    0.828838] io scheduler mq-deadline registered
[    0.828910] io scheduler kyber registered
[    0.829070] io scheduler bfq registered
[    0.899032] Freeing initrd memory: 1264K
[    0.959916] Serial: 8250/16550 driver, 4 ports, IRQ sharing disabled
[    0.969592] printk: console [ttyS0] disabled
[    0.972876] 10000000.serial: ttyS0 at MMIO 0x10000000 (irq = 2, base_baud = 230400) is a 16550A
[    0.974123] printk: console [ttyS0] enabled
[    1.000549] SuperH (H)SCI(F) driver initialized
[    1.014350] loop: module loaded
[    1.022686] usbcore: registered new interface driver uas
[    1.023181] usbcore: registered new interface driver usb-storage
[    1.024622] mousedev: PS/2 mouse device common for all mice
[    1.028420] goldfish_rtc 101000.rtc: registered as rtc0
[    1.029232] goldfish_rtc 101000.rtc: setting system clock to 2026-02-22T04:44:39 UTC (1771735479)
[    1.032156] syscon-poweroff poweroff: pm_power_off already claimed for sbi_srst_power_off
[    1.032828] syscon-poweroff: probe of poweroff failed with error -16
[    1.034018] device-mapper: ioctl: 4.48.0-ioctl (2023-03-01) initialised: dm-devel@redhat.com
[    1.036130] sdhci: Secure Digital Host Controller Interface driver
[    1.036348] sdhci: Copyright(c) Pierre Ossman
[    1.036794] sdhci-pltfm: SDHCI platform and OF driver helper
[    1.037488] usbcore: registered new interface driver usbhid
[    1.037721] usbhid: USB HID core driver
[    1.038355] riscv-pmu-sbi: SBI PMU extension is available
[    1.038950] riscv-pmu-sbi: 16 firmware and 18 hardware counters
[    1.039144] riscv-pmu-sbi: Perf sampling/filtering is not supported as sscof extension is not available
[    1.043331] IPVS: Registered protocols (TCP, UDP)
[    1.043682] IPVS: Connection hash table configured (size=4096, memory=16Kbytes)
[    1.045399] IPVS: ipvs loaded.
[    1.045742] IPVS: [rr] scheduler registered.
[    1.047447] Initializing XFRM netlink socket
[    1.048024] NET: Registered PF_INET6 protocol family
[    1.058969] Segment Routing with IPv6
[    1.059343] In-situ OAM (IOAM) with IPv6
[    1.060368] sit: IPv6, IPv4 and MPLS over IPv4 tunneling driver
[    1.063047] NET: Registered PF_PACKET protocol family
[    1.063795] Bridge firewalling registered
[    1.064643] 8021q: 802.1Q VLAN Support v1.8
[    1.065903] 9pnet: Installing 9P2000 support
[    1.066386] Key type dns_resolver registered
[    1.100270] debug_vm_pgtable: [debug_vm_pgtable         ]: Validating architecture page table helpers
[    1.106881] Btrfs loaded, zoned=no, fsverity=no
[    1.111995] clk: Disabling unused clocks
[    1.176784] Freeing unused kernel image (initmem) memory: 4156K
[    1.177713] Run /bin/sh as init process
/bin/sh: can't access tty; job control turned off
~ # qemu-system-riscv32: terminating on signal 15 from pid 55791 (timeout)
