[INFO] rv32emu boot start
[INFO] opensbi=/workspace/out/opensbi/platform/generic/firmware/fw_dynamic.bin @0x80000000 entry=0x80000000
[INFO] kernel=/workspace/out/linux-smp/arch/riscv/boot/Image @0x80400000 entry=0x80400000
[INFO] harts=2
[INFO] dtb=/workspace/out/smoke/virt-rv32-smoke.dtb @0x87f00000
[INFO] initrd=/workspace/out/rootfs/initramfs.cpio.gz @0x88000000 size=1297479
[INFO] fw_dynamic_info @0x803ff000 next=0x80400000 mode=S

OpenSBI v1.5.1
   ____                    _____ ____ _____
  / __ \                  / ____|  _ \_   _|
 | |  | |_ __   ___ _ __ | (___ | |_) || |
 | |  | | '_ \ / _ \ '_ \ \___ \|  _ < | |
 | |__| | |_) |  __/ | | |____) | |_) || |_
  \____/| .__/ \___|_| |_|_____/|____/_____|
        | |
        |_|

Platform Name             : riscv-virtio,qemu
Platform Features         : medeleg
Platform HART Count       : 2
Platform IPI Device       : aclint-mswi
Platform Timer Device     : aclint-mtimer @ 10000000Hz
Platform Console Device   : uart8250
Platform HSM Device       : ---
Platform PMU Device       : ---
Platform Reboot Device    : syscon-reboot
Platform Shutdown Device  : syscon-poweroff
Platform Suspend Device   : ---
Platform CPPC Device      : ---
Firmware Base             : 0x80000000
Firmware Size             : 329 KB
Firmware RW Offset        : 0x40000
Firmware RW Size          : 73 KB
Firmware Heap Offset      : 0x49000
Firmware Heap Size        : 37 KB (total), 2 KB (reserved), 9 KB (used), 25 KB (free)
Firmware Scratch Size     : 4096 B (total), 240 B (used), 3856 B (free)
Runtime SBI Version       : 2.0

Domain0 Name              : root
Domain0 Boot HART         : 0
Domain0 HARTs             : 0*,1*
Domain0 Region00          : 0x00100000-0x00100fff M: (I,R,W) S/U: (R,W)
Domain0 Region01          : 0x10000000-0x10000fff M: (I,R,W) S/U: (R,W)
Domain0 Region02          : 0x02000000-0x0200ffff M: (I,R,W) S/U: ()
Domain0 Region03          : 0x80040000-0x8005ffff M: (R,W) S/U: ()
Domain0 Region04          : 0x80000000-0x8003ffff M: (R,X) S/U: ()
Domain0 Region05          : 0x0c400000-0x0c5fffff M: (I,R,W) S/U: (R,W)
Domain0 Region06          : 0x0c000000-0x0c3fffff M: (I,R,W) S/U: (R,W)
Domain0 Region07          : 0x00000000-0xffffffff M: () S/U: (R,W,X)
Domain0 Next Address      : 0x80400000
Domain0 Next Arg1         : 0x87f00000
Domain0 Next Mode         : S-mode
Domain0 SysReset          : yes
Domain0 SysSuspend        : yes

Boot HART ID              : 0
Boot HART Domain          : root
Boot HART Priv Version    : v1.10
Boot HART Base ISA        : rv32imafdc
Boot HART ISA Extensions  : zicntr
Boot HART PMP Count       : 0
Boot HART PMP Granularity : 0 bits
Boot HART PMP Address Bits: 0
Boot HART MHPM Info       : 0 (0x00000000)
Boot HART Debug Triggers  : 0 triggers
Boot HART MIDELEG         : 0x00000222
Boot HART MEDELEG         : 0x0000b1[  [    0.000000] Linux version 6.6.0 (root@f9fabb08c658) (riscv64-linux-gnu-gcc (Ubuntu 13.3.0-6ubuntu2~24.04) 13.3.0, GNU ld (GNU Binutils for Ubuntu) 2.42) #1 SMP Sun Feb 22 10:14:55 UTC 2026
[    0.000000] random: crng init done
[    0.000000] OF: fdt: Ignoring memory range 0x80000000 - 0x80400000
[    0.000000] Machine model: riscv-virtio,qemu
[    0.000000] Forcing kernel command line to: console=ttyS0 earlycon=sbi rdinit=/init
[    0.000000] SBI specification v2.0 detected
[    0.000000] SBI implementation ID=0x1 Version=0x10005
[    0.000000] SBI TIME extension detected
[    0.000000] SBI IPI extension detected
[    0.000000] SBI RFENCE extension detected
[    0.000000] SBI SRST extension detected
[    0.000000] efi: UEFI not found.
[    0.000000] OF: reserved mem: 0x80000000..0x8003ffff (256 KiB) nomap non-reusable mmode_resv1@80000000
[    0.000000] OF: reserved mem: 0x80040000..0x8005ffff (128 KiB) nomap non-reusable mmode_resv0@80040000
[    0.000000] Zone ranges:
[    0.000000]   Normal   [mem 0x0000000080400000-0x000000008fffffff]
[    0.000000] Movable zone start for each node
[    0.000000] Early memory node ranges
[    0.000000]   node   0: [mem 0x0000000080400000-0x000000008fffffff]
[    0.000000] Initmem setup node 0 [mem 0x0000000080400000-0x000000008fffffff]
[    0.000000] On node 0, zone Normal: 1024 pages in unavailable ranges
[    0.000000] SBI HSM extension detected
[    0.000000] Falling back to deprecated "riscv,isa"
[    0.000000] riscv: base ISA extensions acdfim
[    0.000000] riscv: ELF capabilities acdfim
[    0.000000] percpu: Embedded 14 pages/cpu s33440 r0 d23904 u57344
[    0.000000] Kernel command line: console=ttyS0 earlycon=sbi rdinit=/init
[    0.000000] Dentry cache hash table entries: 32768 (order: 5, 131072 bytes, linear)
[    0.000000] Inode-cache hash table entries: 16384 (order: 4, 65536 bytes, linear)
[    0.000000] Built 1 zonelists, mobility grouping on.  Total pages: 63945
[    0.000000] mem auto-init: stack:all(zero), heap alloc:off, heap free:off
[    0.000000] Virtual kernel memory layout:
[    0.000000]       fixmap : 0x9c800000 - 0x9d000000   (8192 kB)
[    0.000000]       pci io : 0x9d000000 - 0x9e000000   (  16 MB)
[    0.000000]      vmemmap : 0x9e000000 - 0xa0000000   (  32 MB)
[    0.000000]      vmalloc : 0xa0000000 - 0xc0000000   ( 512 MB)
[    0.000000]       lowmem : 0xc0000000 - 0xcfc00000   ( 252 MB)
[    0.000000] Memory: 224264K/258048K available (10386K kernel code, 8931K rwdata, 4096K rodata, 4189K init, 373K bss, 33784K reserved, 0K cma-reserved)
[    0.000000] SLUB: HWalign=64, Order=0-3, MinObjects=0, CPUs=2, Nodes=1
[    0.000000] rcu: Hierarchical RCU implementation.
[    0.000000] rcu: 	RCU debug extended QS entry/exit.
[    0.000000] 	Tracing variant of Tasks RCU enabled.
[    0.000000] rcu: RCU calculated value of scheduler-enlistment delay is 25 jiffies.
[    0.000000] NR_IRQS: 64, nr_irqs: 64, preallocated irqs: 0
[    0.000000] riscv-intc: 32 local interrupts mapped
[    0.000000] plic: plic@c000000: mapped 95 interrupts with 2 handlers for 4 contexts.
[    0.000000] riscv: providing IPIs using SBI IPI extension
[    0.000000] rcu: srcu_init: Setting srcu_struct sizes based on contention.
[    0.000000] clocksource: riscv_clocksource: mask: 0xffffffffffffffff max_cycles: 0x24e6a1710, max_idle_ns: 440795202120 ns
[    0.000034] sched_clock: 64 bits at 10MHz, resolution 100ns, wraps every 4398046511100ns
[    0.023694] Console: colour dummy device 80x25
[    0.025317] Calibrating delay loop (skipped), value calculated using timer frequency.. 20.00 BogoMIPS (lpj=40000)
[    0.026075] pid_max: default: 32768 minimum: 301
[    0.032137] LSM: initializing lsm=capability,integrity
[    0.037866] Mount-cache hash table entries: 1024 (order: 0, 4096 bytes, linear)
[    0.038654] Mountpoint-cache hash table entries: 1024 (order: 0, 4096 bytes, linear)
[    0.133571] RCU Tasks Trace: Setting shift to 1 and lim to 1 rcu_task_cb_adjust=1.
[    0.139769] ASID allocator using 9 bits (512 entries)
[    0.148495] rcu: Hierarchical SRCU implementation.
[    0.148747] rcu: 	Max phase no-delay instances is 1000.
[    0.165476] EFI services will not be available.
[    0.174251] smp: Bringing up secondary CPUs ...
[    1.313991] CPU1: failed to come online
[    1.315931] smp: Brought up 1 node, 1 CPU
[    1.338167] devtmpfs: initialized
[    1.462026] clocksource: jiffies: mask: 0xffffffff max_cycles: 0xffffffff, max_idle_ns: 7645041785100000 ns
[    1.463449] futex hash table entries: 512 (order: 3, 32768 bytes, linear)
[    1.471609] pinctrl core: initialized pinctrl subsystem
[    1.515492] NET: Registered PF_NETLINK/PF_ROUTE protocol family
[    1.554353] DMA: preallocated 128 KiB GFP_KERNEL pool for atomic allocations
[    1.557943] audit: initializing netlink subsys (disabled)
[    1.588933] thermal_sys: Registered thermal governor 'step_wise'
[    1.591062] audit: type=2000 audit(1.408:1): state=initialized audit_enabled=0 res=1
[    1.593254] cpuidle: using governor menu
[    1.633431] cpu0: Ratio of byte access time to unaligned word access is 3.99, unaligned accesses are fast
[    1.879833] HugeTLB: registered 4.00 MiB page size, pre-allocated 0 pages
[    1.880226] HugeTLB: 0 KiB vmemmap can be freed for a 4.00 MiB page
[    1.980526] raid6: int32x8  gen()     2 MB/s
[    2.054586] raid6: int32x4  gen()     2 MB/s
[    2.136472] raid6: int32x2  gen()     3 MB/s
[    2.217044] raid6: int32x1  gen()     2 MB/s
[    2.217400] raid6: using algorithm int32x2 gen() 3 MB/s
[    2.293151] raid6: .... xor() 1 MB/s, rmw enabled
[    2.293452] raid6: using intx1 recovery algorithm
[    2.307988] iommu: Default domain type: Translated
[    2.308314] iommu: DMA domain TLB invalidation policy: strict mode
[    2.336082] SCSI subsystem initialized
[    2.362112] usbcore: registered new interface driver usbfs
[    2.364902] usbcore: registered new interface driver hub
[    2.367793] usbcore: registered new device driver usb
[    2.451582] clocksource: Switched to clocksource riscv_clocksource
[    3.045157] NET: Registered PF_INET protocol family
[    3.051678] IP idents hash table entries: 4096 (order: 3, 32768 bytes, linear)
[    3.135742] tcp_listen_portaddr_hash hash table entries: 256 (order: 0, 5120 bytes, linear)
[    3.137370] Table-perturb hash table entries: 65536 (order: 6, 262144 bytes, linear)
[    3.138260] TCP established hash table entries: 2048 (order: 1, 8192 bytes, linear)
[    3.142289] TCP bind hash table entries: 2048 (order: 4, 81920 bytes, linear)
[    3.155508] TCP: Hash tables configured (established 2048 bind 2048)
[    3.159220] UDP hash table entries: 256 (order: 1, 12288 bytes, linear)
[    3.161715] UDP-Lite hash table entries: 256 (order: 1, 12288 bytes, linear)
[    3.169659] NET: Registered PF_UNIX/PF_LOCAL protocol family
[    3.197406] RPC: Registered named UNIX socket transport module.
[    3.197740] RPC: Registered udp transport module.
[    3.198050] RPC: Registered tcp transport module.
[    3.198361] RPC: Registered tcp-with-tls transport module.
[    3.199296] RPC: Registered tcp NFSv4.1 backchannel transport module.
[    3.201547] kvm [1]: hypervisor extension not available
[    3.264888] Unpacking initramfs...
[    3.352142] workingset: timestamp_bits=14 max_order=16 bucket_order=2
[    3.419672] NFS: Registering the id_resolver key type
[    3.420831] Key type id_resolver registered
[    3.421138] Key type id_legacy registered
[    3.423066] nfs4filelayout_init: NFSv4 File Layout Driver Registering...
[    3.423680] nfs4flexfilelayout_init: NFSv4 Flexfile Layout Driver Registering...
[    3.442204] 9p: Installing v9fs 9p2000 file system support
[   24.378632] watchdog: BUG: soft lockup - CPU#0 stuck for 22s! [swapper/0:1]
[   24.379168] CPU: 0 PID: 1 Comm: swapper/0 Not tainted 6.6.0 #1
[   24.379839] Hardware name: riscv-virtio,qemu (DT)
[   24.380152] epc : __memset+0xe8/0xf4
[   24.380870]  ra : shash_final_unaligned+0x42/0xbc
[   24.381621] epc : c0a0c8ec ra : c045b9da sp : c2041960
[   24.382172]  gp : c1ccece8 tp : c2038000 t0 : c20419e9
[   24.382723]  t1 : 780fae84 t2 : 94701f2b s0 : c2041a10
[   24.383275]  s1 : c2041a60 a0 : c204196c a1 : 00000000
[   24.383791]  a2 : 00000003 a3 : c20419eb a4 : 00000004
[   24.384272]  a5 : c0a0c860 a6 : 00000000 a7 : 00000000
[   24.384753]  s2 : 00000000 s3 : c2041a60 s4 : c1c85c28
[   24.385270]  s5 : c2041a40 s6 : 00000020 s7 : c2041c3c
[   24.385795]  s8 : 00000010 s9 : 00000000 s10: c2041d20
[   24.386285]  s11: 00000000 t3 : b1747a57 t4 : 4ef5dba3
[   24.386801]  t5 : bf25b3fd t6 : c2041b6c
[   24.387232] status: 00000120 badaddr: 00000000 cause: 80000005
[   24.387753] [<c0a0c8ec>] __memset+0xe8/0xf4
[   24.388590] [<c045baa4>] shash_finup_unaligned+0x26/0x32
[   24.389461] [<c045c0ce>] crypto_shash_finup+0x20/0x54
[   24.390352] [<c0471c76>] jent_hash_time+0xe0/0x1ee
[   24.391331] [<c04711aa>] jent_condition_data+0x6c/0x90
[   24.392297] [<c04716aa>] jent_entropy_init+0xb8/0x338
[   24.393270] [<c0c1bf0e>] jent_mod_init+0x70/0xec
[   24.394158] [<c0c00dee>] do_one_initcall+0x7c/0x1f6
[   24.395183] [<c0c011bc>] kernel_init_freeable+0x1ec/0x256
[   24.396235] [<c0a1e686>] kernel_init+0x1e/0x10a
[   24.397352] [<c000313e>] ret_from_fork+0xa/0x1c
[   24.446765] rcu: INFO: rcu_sched detected stalls on CPUs/tasks:
[   24.447114] rcu: 	(detected by 0, t=5252 jiffies, g=-1163, q=2 ncpus=1)
[   24.447714] rcu: All QSes seen, last rcu_sched kthread activity 5252 (-68949--74201), jiffies_till_next_fqs=1, root ->qsmask 0x0
[   24.448477] rcu: rcu_sched kthread starved for 5252 jiffies! g-1163 f0x2 RCU_GP_WAIT_FQS(5) ->state=0x0 ->cpu=0
[   24.449304] rcu: 	Unless rcu_sched kthread gets sufficient CPU time, OOM is now expected behavior.
[   24.449686] rcu: RCU grace-period kthread stack dump:
[   24.449930] task:rcu_sched       state:R  running task     stack:0     pid:15    ppid:2      flags:0x00000000
[   24.450984] Call Trace:
[   24.451252] [<c0a1ff00>] __schedule+0x278/0x6f0
[   24.452416] [<c0a203be>] schedule+0x46/0xd0
[   24.453558] [<c0a255aa>] schedule_timeout+0x7c/0xf0
[   24.454444] [<c0084b80>] rcu_gp_fqs_loop+0x2a0/0x37a
[   24.455438] [<c0086208>] rcu_gp_kthread+0x102/0x120
[   24.456448] [<c004122e>] kthread+0xbe/0xd8
[   24.457379] [<c000313e>] ret_from_fork+0xa/0x1c
[   24.458195] rcu: Stack dump where RCU GP kthread last ran:
[   24.458495] CPU: 0 PID: 1 Comm: swapper/0 Tainted: G             L     6.6.0 #1
[   24.459192] Hardware name: riscv-virtio,qemu (DT)
[   24.459505] epc : keccakf_round+0xc78/0xfde
[   24.460539]  ra : crypto_sha3_final+0xde/0x1a8
[   24.461586] epc : c04620a8 ra : c0462530 sp : c20417e0
[   24.462137]  gp : c1ccece8 tp : c2038000 t0 : 153185ba
[   24.462688]  t1 : 5dc5c13f t2 : 85883ab9 s0 : c2041940
[   24.463240]  s1 : 3e1d0805 a0 : c2041a68 a1 : a95b9adc
[   24.463791]  a2 : aa57dcdd a3 : 3b03632a a4 : 368e82eb
[   24.464342]  a5 : 15755185 a6 : 1ccdce5a a7 : 9b6a15d6
[   24.464893]  s2 : d220940e s3 : 80002290 s4 : 20004aa0
[   24.465444]  s5 : 4089104b s6 : 00741881 s7 : 15882022
[   24.465986]  s8 : 5301c010 s9 : 22461401 s10: 00061242
[   24.466525]  s11: b68c8770 t3 : 4aa09106 t4 : f3038fa1
[   24.467076]  t5 : e4e01e9c t6 : 10048570
[   24.467506] status:[INFO] rv32emu stop: executed=1200000000 running=1 pc=0xc007cdae priv=1 mcause=0x00000009 mepc=0xc0005794 mtval=0x00000000
istered PF_ALG protocol family
[   32.317345] xor: measuring software checksum speed
[   33.605521]    8regs           :     7 MB/sec
[   34.895153]    8regs_prefetch  :     7 MB/sec
[   36.183689]    32regs          :     7 MB/sec
[   37.473279]    32regs_prefetch :     7 MB/sec
[   37.473641] xor: using function: 32regs_prefetch (7 MB/sec)
[   37.477248] Block layer SCSI generic (bsg) driver version 0.4 loaded (major 248)
[   37.477703] io scheduler mq-deadline registered
[   37.478074] io scheduler kyber registered
[   37.479716] io scheduler bfq registered
[   46.913114] Freeing initrd memory: 1264K
[   48.849586] Serial: 8250/16550 driver, 4 ports, IRQ sharing disabled
[   48.999451] printk: console [ttyS0] disabled
[   49.024481] 10000000.serial: ttyS0 at MMIO 0x10000000 (irq = 12, base_baud = 230400) is a 16550A
[   49.025615] printk: console [ttyS0] enabled
[   49.293582] SuperH (H)SCI(F) driver initialized
[   49.811212] loop: module loaded
[   50.059656] usbcore: registered new interface driver uas
[   50.063595] usbcore: registered new interface driver usb-storage
[   50.086124] mousedev: PS/2 mouse device common for all mice
[   50.133322] syscon-poweroff poweroff: pm_power_off already claimed for sbi_srst_power_off
[   50.136264] syscon-poweroff: probe of poweroff failed with error -16
[   50.163714] device-mapper: ioctl: 4.48.0-ioctl (2023-03-01) initialised: dm-devel@redhat.com
[   50.196540] sdhci: Secure Digital Host Controller Interface driver
[   50.198027] sdhci: Copyright(c) Pierre Ossman
[   50.210374] sdhci-pltfm: SDHCI platform and OF driver helper
[   50.226187] usbcore: registered new interface driver usbhid
[   50.228203] usbhid: USB HID core driver
[   50.240641] riscv-pmu-sbi: SBI PMU extension is available
[   50.243581] riscv-pmu-sbi: 16 firmware and 2 hardware counters
[   50.245140] riscv-pmu-sbi: Perf sampling/filtering is not supported as sscof extension is not available
[   50.291536] IPVS: Registered protocols (TCP, UDP)
[   50.293039] IPVS: Connection hash table configured (size=4096, memory=16Kbytes)
[   50.308012] IPVS: ipvs loaded.
[   50.309051] IPVS: [rr] scheduler registered.
[   50.329315] Initializing XFRM netlink socket
[   50.334039] NET: Registered PF_INET6 protocol family
[   50.392263] Segment Routing with IPv6
[   50.395460] In-situ OAM (IOAM) with IPv6
[   50.404567] sit: IPv6, IPv4 and MPLS over IPv4 tunneling driver
[   50.447219] NET: Registered PF_PACKET protocol family
[   50.451203] Bridge firewalling registered
[   50.455684] 8021q: 802.1Q VLAN Support v1.8
[   50.462239] 9pnet: Installing 9P2000 support
[   50.467691] Key type dns_resolver registered
[   52.855447] debug_vm_pgtable: [debug_vm_pgtable         ]: Validating architecture page table helpers
[   53.001232] Btrfs loaded, zoned=no, fsverity=no
[   53.028657] clk: Disabling unused clocks
[   53.284038] Freeing unused kernel image (initmem) memory: 4188K
[   53.285637] Run /init as init process
[rootfs] boot completed
~ # [INFO] rv32emu stop: executed=1200000000 running=1 pc=0xc0a1dc46 priv=1 mcause=0x00000009 mepc=0xc0006080 mtval=0x00000000
