[INFO] rv32emu boot start
[INFO] opensbi=/workspace/out/opensbi/platform/generic/firmware/fw_dynamic.bin @0x80000000 entry=0x80000000
[INFO] kernel=/workspace/out/linux/arch/riscv/boot/Image @0x80400000 entry=0x80400000
[INFO] dtb=/workspace/out/smoke/virt-rv32-smoke.dtb @0x87f00000
[INFO] initrd=/workspace/out/rootfs/initramfs.cpio.gz @0x88000000 size=1297506
[INFO] fw_dynamic_info @0x803ff000 next=0x80400000 mode=S

OpenSBI v1.5.1
   ____                    _____ ____ _____
  / __ \                  / ____|  _ \_   _|
 | |  | |_ __   ___ _ __ | (___ | |_) || |
 | |  | | '_ \ / _ \ '_ \ \___ \|  _ < | |
 | |__| | |_) |  __/ | | |____) | |_) || |_
  \____/| .__/ \___|_| |_|_____/|____/_____|
        | |
        |_|

Platform Name             : riscv-virtio,qemu
Platform Features         : medeleg
Platform HART Count       : 1
Platform IPI Device       : aclint-mswi
Platform Timer Device     : aclint-mtimer @ 10000000Hz
Platform Console Device   : uart8250
Platform HSM Device       : ---
Platform PMU Device       : ---
Platform Reboot Device    : syscon-reboot
Platform Shutdown Device  : syscon-poweroff
Platform Suspend Device   : ---
Platform CPPC Device      : ---
Firmware Base             : 0x80000000
Firmware Size             : 319 KB
Firmware RW Offset        : 0x40000
Firmware RW Size          : 63 KB
Firmware Heap Offset      : 0x47000
Firmware Heap Size        : 35 KB (total), 2 KB (reserved), 9 KB (used), 23 KB (free)
Firmware Scratch Size     : 4096 B (total), 240 B (used), 3856 B (free)
Runtime SBI Version       : 2.0

Domain0 Name              : root
Domain0 Boot HART         : 0
Domain0 HARTs             : 0*
Domain0 Region00          : 0x00100000-0x00100fff M: (I,R,W) S/U: (R,W)
Domain0 Region01          : 0x10000000-0x10000fff M: (I,R,W) S/U: (R,W)
Domain0 Region02          : 0x02000000-0x0200ffff M: (I,R,W) S/U: ()
Domain0 Region03          : 0x80040000-0x8004ffff M: (R,W) S/U: ()
Domain0 Region04          : 0x80000000-0x8003ffff M: (R,X) S/U: ()
Domain0 Region05          : 0x0c400000-0x0c5fffff M: (I,R,W) S/U: (R,W)
Domain0 Region06          : 0x0c000000-0x0c3fffff M: (I,R,W) S/U: (R,W)
Domain0 Region07          : 0x00000000-0xffffffff M: () S/U: (R,W,X)
Domain0 Next Address      : 0x80400000
Domain0 Next Arg1         : 0x87f00000
Domain0 Next Mode         : S-mode
Domain0 SysReset          : yes
Domain0 SysSuspend        : yes

Boot HART ID              : 0
Boot HART Domain          : root
Boot HART Priv Version    : v1.10
Boot HART Base ISA        : rv32imac
Boot HART ISA Extensions  : zicntr
Boot HART PMP Count       : 0
Boot HART PMP Granularity : 0 bits
Boot HART PMP Address Bits: 0
Boot HART MHPM Info       : 0 (0x00000000)
Boot HART Debug Triggers  : 0 triggers
Boot HART MIDELEG         : 0x00000222
Boot HART MEDELEG         : 0x0000b109
[    0.000000] Linux version 6.6.0 (root@f9fabb08c658) (riscv64-linux-gnu-gcc (Ubuntu 13.3.0-6ubuntu2~24.04) 13.3.0, GNU ld (GNU Binutils for Ubuntu) 2.42) #3 Sun Feb 22 04:44:22 UTC 2026
[    0.000000] random: crng init done
[    0.000000] OF: fdt: Ignoring memory range 0x80000000 - 0x80400000
[    0.000000] Machine model: riscv-virtio,qemu
[    0.000000] Forcing kernel command line to: console=ttyS0 earlycon=sbi rdinit=/bin/sh
[    0.000000] SBI specification v2.0 detected
[    0.000000] SBI implementation ID=0x1 Version=0x10005
[    0.000000] SBI TIME extension detected
[    0.000000] SBI IPI extension detected
[    0.000000] SBI RFENCE extension detected
[    0.000000] SBI SRST extension detected
[    0.000000] efi: UEFI not found.
[    0.000000] OF: reserved mem: 0x80000000..0x8003ffff (256 KiB) nomap non-reusable mmode_resv1@80000000
[    0.000000] OF: reserved mem: 0x80040000..0x8004ffff (64 KiB) nomap non-reusable mmode_resv0@80040000
[    0.000000] Zone ranges:
[    0.000000]   Normal   [mem 0x0000000080400000-0x000000008fffffff]
[    0.000000] Movable zone start for each node
[    0.000000] Early memory node ranges
[    0.000000]   node   0: [mem 0x0000000080400000-0x000000008fffffff]
[    0.000000] Initmem setup node 0 [mem 0x0000000080400000-0x000000008fffffff]
[    0.000000] On node 0, zone Normal: 1024 pages in unavailable ranges
[    0.000000] Falling back to deprecated "riscv,isa"
[    0.000000] riscv: base ISA extensions acim
[    0.000000] riscv: ELF capabilities acim
[    0.000000] Kernel command line: console=ttyS0 earlycon=sbi rdinit=/bin/sh
[    0.000000] Dentry cache hash table entries: 32768 (order: 5, 131072 bytes, linear)
[    0.000000] Inode-cache hash table entries: 16384 (order: 4, 65536 bytes, linear)
[    0.000000] Built 1 zonelists, mobility grouping on.  Total pages: 63945
[    0.000000] mem auto-init: stack:all(zero), heap alloc:off, heap free:off
[    0.000000] Virtual kernel memory layout:
[    0.000000]       fixmap : 0x9c800000 - 0x9d000000   (8192 kB)
[    0.000000]       pci io : 0x9d000000 - 0x9e000000   (  16 MB)
[    0.000000]      vmemmap : 0x9e000000 - 0xa0000000   (  32 MB)
[    0.000000]      vmalloc : 0xa0000000 - 0xc0000000   ( 512 MB)
[    0.000000]       lowmem : 0xc0000000 - 0xcfc00000   ( 252 MB)
[    0.000000] Memory: 224344K/258048K available (10011K kernel code, 8952K rwdata, 4096K rodata, 4156K init, 387K bss, 33704K reserved, 0K cma-reserved)
[    0.000000] SLUB: HWalign=64, Order=0-3, MinObjects=0, CPUs=1, Nodes=1
[    0.000000] NR_IRQS: 64, nr_irqs: 64, preallocated irqs: 0
[    0.000000] riscv-intc: 32 local interrupts mapped
[    0.000000] plic: plic@c000000: mapped 95 interrupts with 1 handlers for 2 contexts.
[    0.000000] clocksource: riscv_clocksource: mask: 0xffffffffffffffff max_cycles: 0x24e6a1710, max_idle_ns: 440795202120 ns
[    0.000032] sched_clock: 64 bits at 10MHz, resolution 100ns, wraps every 4398046511100ns
[    0.014654] Console: colour dummy device 80x25
[    0.015783] Calibrating delay loop (skipped), value calculated using timer frequency.. 20.00 BogoMIPS (lpj=40000)
[    0.016499] pid_max: default: 32768 minimum: 301
[    0.021337] LSM: initializing lsm=capability,integrity
[    0.026256] Mount-cache hash table entries: 1024 (order: 0, 4096 bytes, linear)
[    0.027346] Mountpoint-cache hash table entries: 1024 (order: 0, 4096 bytes, linear)
[    0.085111] RCU Tasks Trace: Setting shift to 0 and lim to 1 rcu_task_cb_adjust=1.
[    0.088871] ASID allocator using 9 bits (512 entries)
[    0.096312] EFI services will not be available.
[    0.108023] devtmpfs: initialized
[    0.200676] clocksource: jiffies: mask: 0xffffffff max_cycles: 0xffffffff, max_idle_ns: 7645041785100000 ns
[    0.201496] futex hash table entries: 256 (order: 0, 7168 bytes, linear)
[    0.207770] pinctrl core: initialized pinctrl subsystem
[    0.248145] NET: Registered PF_NETLINK/PF_ROUTE protocol family
[    0.273328] DMA: preallocated 128 KiB GFP_KERNEL pool for atomic allocations
[    0.275936] audit: initializing netlink subsys (disabled)
[    0.304640] thermal_sys: Registered thermal governor 'step_wise'
[    0.305749] cpuidle: using governor menu
[    0.342911] cpu0: Ratio of byte access time to unaligned word access is 3.99, unaligned accesses are fast
[    0.535551] audit: type=2000 audit(0.256:1): state=initialized audit_enabled=0 res=1
[    0.558098] HugeTLB: registered 4.00 MiB page size, pre-allocated 0 pages
[    0.558829] HugeTLB: 0 KiB vmemmap can be freed for a 4.00 MiB page
[    0.655164] raid6: int32x8  gen()     2 MB/s
[    0.726812] raid6: int32x4  gen()     2 MB/s
[    0.807221] raid6: int32x2  gen()     3 MB/s
[    0.885668] raid6: int32x1  gen()     2 MB/s
[    0.886008] raid6: using algorithm int32x2 gen() 3 MB/s
[    0.959396] raid6: .... xor() 1 MB/s, rmw enabled
[    0.959682] raid6: using intx1 recovery algorithm
[    0.973872] iommu: Default domain type: Translated
[    0.974182] iommu: DMA domain TLB invalidation policy: strict mode
[    0.998868] SCSI subsystem initialized
[    1.018838] usbcore: registered new interface driver usbfs
[    1.021055] usbcore: registered new interface driver hub
[    1.023457] usbcore: registered new device driver usb
[    1.096516] clocksource: Switched to clocksource riscv_clocksource
[    1.615177] NET: Registered PF_INET protocol family
[    1.621535] IP idents hash table entries: 4096 (order: 3, 32768 bytes, linear)
[    1.700002] tcp_listen_portaddr_hash hash table entries: 256 (order: 0, 5120 bytes, linear)
[    1.702033] Table-perturb hash table entries: 65536 (order: 6, 262144 bytes, linear)
[    1.702896] TCP established hash table entries: 2048 (order: 1, 8192 bytes, linear)
[    1.706543] TCP bind hash table entries: 2048 (order: 4, 81920 bytes, linear)
[    1.719253] TCP: Hash tables configured (established 2048 bind 2048)
[    1.722359] UDP hash table entries: 256 (order: 1, 12288 bytes, linear)
[    1.725323] UDP-Lite hash table entries: 256 (order: 1, 12288 bytes, linear)
[    1.732913] NET: Registered PF_UNIX/PF_LOCAL protocol family
[    1.751388] RPC: Registered named UNIX socket transport module.
[    1.751702] RPC: Registered udp transport module.
[    1.751993] RPC: Registered tcp transport module.
[    1.752283] RPC: Registered tcp-with-tls transport module.
[    1.753016] RPC: Registered tcp NFSv4.1 backchannel transport module.
[    1.754881] kvm [1]: hypervisor extension not available
[    1.798505] Unpacking initramfs...
[    1.881405] workingset: timestamp_bits=14 max_order=16 bucket_order=2
[    1.925090] NFS: Registering the id_resolver key type
[    1.925938] Key type id_resolver registered
[    1.926229] Key type id_legacy registered
[    1.927775] nfs4filelayout_init: NFSv4 File Layout Driver Registering...
[    1.928350] nfs4flexfilelayout_init: NFSv4 Flexfile Layout Driver Registering...
[    1.944331] 9p: Installing v9fs 9p2000 file system support
[   24.168524] watchdog: BUG: soft lockup - CPU#0 stuck for 22s! [swapper:1]
[   24.169040] CPU: 0 PID: 1 Comm: swapper Not tainted 6.6.0 #3
[   24.169692] Hardware name: riscv-virtio,qemu (DT)
[   24.169986] epc : keccakf_round+0x8c0/0xfde
[   24.171033]  ra : crypto_sha3_final+0xde/0x1a8
[   24.172093] epc : c04224f8 ra : c0422d38 sp : c202d7e0
[   24.172627]  gp : c1ccbf68 tp : c2038000 t0 : 5de88e0c
[   24.173162]  t1 : 00006018 t2 : cb90a1e2 s0 : c202d940
[   24.173680]  s1 : 00000000 a0 : c202da68 a1 : 577a3b83
[   24.174179]  a2 : cc690e70 a3 : e0c03172 a4 : 00000000
[   24.174679]  a5 : 50654f43 a6 : 00000383 a7 : d21c8000
[   24.175192]  s2 : 00000002 s3 : 4473bb3b s4 : 75d3563b
[   24.175692]  s5 : f319cfb2 s6 : c0000000 s7 : 00005798
[   24.176210]  s8 : 0f5b6bcb s9 : 6e6def5a s10: a10c301e
[   24.176740]  s11: d21ce018 t3 : 60000000 t4 : d5c1d798
[   24.177275]  t5 : 33272a20 t6 : 33272a20
[   24.177689] status: 00000120 badaddr: 00000000 cause: 80000005
[   24.178193] [<c04224f8>] keccakf_round+0x8c0/0xfde
[   29.798282] NET: Registered PF_ALG protocol family
[   29.798879] xor: measuring software checksum speed
[   31.043089]    8regs           :     7 MB/sec
[   32.288870]    8regs_prefetch  :     7 MB/sec
[   33.533116]    32regs          :     7 MB/sec
[   34.778586]    32regs_prefetch :     7 MB/sec
[   34.778932] xor: using function: 32regs_prefetch (7 MB/sec)
[   34.782136] Block layer SCSI generic (bsg) driver version 0.4 loaded (major 248)
[   34.782566] io scheduler mq-deadline registered
[   34.782913] io scheduler kyber registered
[   34.783971] io scheduler bfq registered
[   41.720848] Freeing initrd memory: 1264K
[   44.739041] Serial: 8250/16550 driver, 4 ports, IRQ sharing disabled
[   44.869683] printk: console [ttyS0] disabled
[   44.891920] 10000000.serial: ttyS0 at MMIO 0x10000000 (irq = 2, base_baud = 230400) is a 16550A
[   44.893418] printk: console [ttyS0] enabled
[   45.068119] SuperH (H)SCI(F) driver initialized
[   45.511330] loop: module loaded
[   45.736350] usbcore: registered new interface driver uas
[   45.739963] usbcore: registered new interface driver usb-storage
[   45.759304] mousedev: PS/2 mouse device common for all mice
[   45.801474] syscon-poweroff poweroff: pm_power_off already claimed for sbi_srst_power_off
[   45.803688] syscon-poweroff: probe of poweroff failed with error -16
[   45.826669] device-mapper: ioctl: 4.48.0-ioctl (2023-03-01) initialised: dm-devel@redhat.com
[   45.853643] sdhci: Secure Digital Host Controller Interface driver
[   45.855005] sdhci: Copyright(c) Pierre Ossman
[   45.866811] sdhci-pltfm: SDHCI platform and OF driver helper
[   45.882425] usbcore: registered new interface driver usbhid
[   45.883781] usbhid: USB HID core driver
[   45.895008] riscv-pmu-sbi: SBI PMU extension is available
[   45.897816] riscv-pmu-sbi: 16 firmware and 2 hardware counters
[   45.899254] riscv-pmu-sbi: Perf sampling/filtering is not supported as sscof extension is not available
[   45.940909] IPVS: Registered protocols (TCP, UDP)
[   45.942294] IPVS: Connection hash table configured (size=4096, memory=16Kbytes)
[   45.956133] IPVS: ipvs loaded.
[   45.957511] IPVS: [rr] scheduler registered.
[   45.976855] Initializing XFRM netlink socket
[   45.981187] NET: Registered PF_INET6 protocol family
[   46.035053] Segment Routing with IPv6
[   46.038113] In-situ OAM (IOAM) with IPv6
[   46.046653] sit: IPv6, IPv4 and MPLS over IPv4 tunneling driver
[   46.083229] NET: Registered PF_PACKET protocol family
[   46.086888] Bridge firewalling registered
[   46.091122] 8021q: 802.1Q VLAN Support v1.8
[   46.097515] 9pnet: Installing 9P2000 support
[   46.101386] Key type dns_resolver registered
[   48.349510] debug_vm_pgtable: [debug_vm_pgtable         ]: Validating architecture page table helpers
[   48.492879] Btrfs loaded, zoned=no, fsverity=no
[   48.513283] clk: Disabling unused clocks
[   48.746454] Freeing unused kernel image (initmem) memory: 4156K
[   48.749170] Run /bin/sh as init process
[   48.818084] sh[1]: unhandled signal 4 code 0x1 at 0x00114648 in busybox[10000+23a000]
[   48.820163] CPU: 0 PID: 1 Comm: sh Tainted: G             L     6.6.0 #3
[   48.821412] Hardware name: riscv-virtio,qemu (DT)
[   48.822198] epc : 00114648 ra : 0011418c sp : 9c2bcdb0
[   48.823224]  gp : 0025080c tp : 002544e0 t0 : 00000002
[   48.824215]  t1 : 9c2bcfda t2 : 00000000 s0 : 0024ab98
[   48.825214]  s1 : 00000002 a0 : 9c2bcdc0 a1 : 00000000
[   48.826187]  a2 : 9c2bcec4 a3 : 002534c4 a4 : 00253944
[   48.827213]  a5 : 00010380 a6 : 00000000 a7 : 00000010
[   48.828182]  s2 : 00000001 s3 : 9c2bcec4 s4 : 9c2bcecc
[   48.829190]  s5 : 00000002 s6 : 00010380 s7 : 00010140
[   48.830172]  s8 : 0000003a s9 : 00250d50 s10: 00000000
[   48.831145]  s11: 00000000 t3 : 9c2bcfd8 t4 : 0024f418
[   48.832145]  t5 : 00253f1c t6 : 0024ab78
[   48.832985] status: 00000020 badaddr: 02853c27 cause: 00000002
[   48.835143] Kernel panic - not syncing: Attempted to kill init! exitcode=0x00000004
[   48.836128] CPU: 0 PID: 1 Comm: sh Tainted: G             L     6.6.0 #3
[   48.837378] Hardware name: riscv-virtio,qemu (DT)
[   48.838163] Call Trace:
[   48.838811] [<c000475e>] dump_backtrace+0x1a/0x22
[   48.840169] [<c09b2042>] show_stack+0x2c/0x38
[   48.841374] [<c09c0b32>] dump_stack_lvl+0x20/0x32
[   48.842701] [<c09c0b56>] dump_stack+0x12/0x1a
[   48.843994] [<c09b22ce>] panic+0x102/0x290
[   48.845188] [<c0024452>] make_task_dead+0x0/0x12c
[   48.846788] [<c00245bc>] do_group_exit+0x24/0x70
[   48.848372] [<c002e23a>] get_signal+0x674/0x6a8
[   48.849889] [<c0003b16>] arch_do_signal_or_restart+0x52/0x3a8
[   48.851330] [<c006877e>] exit_to_user_mode_loop.isra.0+0x5c/0xa6
[   48.852677] [<c09c16cc>] irqentry_exit_to_user_mode+0x1c/0x24
[   48.854160] [<c09c0e54>] do_trap_insn_illegal+0x4a/0xd2
[   48.855552] [<c0002fe6>] ret_from_exception+0x0/0x66
[   48.856909] ---[ end Kernel panic - not syncing: Attempted to kill init! exitcode=0x00000004 ]---
[INFO] rv32emu stop: executed=1200000000 running=1 pc=0xc09b1636 priv=1 mcause=0x00000009 mepc=0xc0005794 mtval=0x00000000
